// Jest Snapshot v1, https://goo.gl/fbAQLP

exports[`smoke tests, and testing for user Snapshot 1`] = `
<DocumentFragment>
  <nav
    class="navbar navbar-expand-md navbar-light bg-light"
  >
    <a
      class="navbar-brand"
      href="/"
    >
      Jobify
    </a>
    <button
      aria-controls="basic-navbar-nav"
      aria-label="Toggle navigation"
      class="navbar-toggler collapsed"
      type="button"
    >
      <span
        class="navbar-toggler-icon"
      />
    </button>
    <div
      class="navbar-collapse collapse"
      id="basic-navbar-nav"
    >
      <div
        class="ml-auto navbar-nav"
      >
        <a
          class="nav-link"
          href="/login"
        >
          Login
        </a>
        <a
          class="nav-link"
          href="/signup"
        >
          Signup
        </a>
      </div>
    </div>
  </nav>
</DocumentFragment>
`;
